2026-07-25 15:20:31,612 - [INFO] - PMSPipeline - === INIZIO PIPELINE PMS PER: 'Software' ===
2026-07-25 15:20:31,612 - [INFO] - PMSPipeline - [1/5] Interrogazione Ministero della Salute IT...
2026-07-25 15:20:32,525 - [INFO] - httpx - HTTP Request: GET https://www.salute.gov.it/portale/dispositiviMedici/ricercaAvvisiDispositiviMedici.jsp "HTTP/1.1 200 OK"
2026-07-25 15:20:32,534 - [INFO] - PMSPipeline - -> Estratti 0 record da Ministero Salute.
2026-07-25 15:20:32,534 - [INFO] - PMSPipeline - [2/5] Interrogazione openFDA MAUDE API...
2026-07-25 15:20:34,123 - [INFO] - PMSPipeline - -> Estratti 10 record da openFDA.
2026-07-25 15:20:34,130 - [INFO] - PMSPipeline - Totale record grezzi raccolti: 10
2026-07-25 15:20:34,130 - [INFO] - PMSPipeline - [3/5] Avvio deduplicazione SHA-256...
2026-07-25 15:20:34,133 - [INFO] - PMSPipeline - -> Record unici dopo deduplicazione: 10
2026-07-25 15:20:34,133 - [INFO] - PMSPipeline - [4/5] Esecuzione Tagging NLP e verifica Competitors...
2026-07-25 15:20:34,138 - [INFO] - PMSPipeline - [5/5] Generazione Report Excel Audit-Ready...
2026-07-25 15:20:34,226 - [INFO] - core.excel_generator - Report Excel generato con successo in C:\Users\giorg\OneDrive\Desktop\pms-automation\PMS_Report_MDR_2017_745.xlsx
2026-07-25 15:20:34,227 - [INFO] - PMSPipeline - === PIPELINE COMPLETATA CON SUCCESSO! Report salvato in: PMS_Report_MDR_2017_745.xlsx ===
2026-07-25 15:23:12,901 - [INFO] - PMSPipeline - Configurazione caricata con successo da 'config.json'.
2026-07-25 15:23:12,902 - [INFO] - PMSPipeline - === INIZIO PIPELINE PMS PER: 'Software' ===
2026-07-25 15:23:12,902 - [INFO] - PMSPipeline - [1/5] Interrogazione Ministero della Salute IT...
2026-07-25 15:23:13,879 - [INFO] - httpx - HTTP Request: GET https://www.salute.gov.it/portale/dispositiviMedici/ricercaAvvisiDispositiviMedici.jsp "HTTP/1.1 200 OK"
2026-07-25 15:23:13,886 - [INFO] - PMSPipeline - -> Estratti 0 record da Ministero Salute.
2026-07-25 15:23:13,887 - [INFO] - PMSPipeline - [2/5] Interrogazione openFDA MAUDE API...
2026-07-25 15:23:15,432 - [INFO] - PMSPipeline - -> Estratti 10 record da openFDA.
2026-07-25 15:23:15,433 - [INFO] - PMSPipeline - Totale record grezzi raccolti: 10
2026-07-25 15:23:15,433 - [INFO] - PMSPipeline - [3/5] Avvio deduplicazione SHA-256...
2026-07-25 15:23:15,436 - [INFO] - PMSPipeline - -> Record unici dopo deduplicazione: 0
2026-07-25 15:23:15,436 - [INFO] - PMSPipeline - [4/5] Esecuzione Tagging NLP e verifica Competitors...
2026-07-25 15:23:15,436 - [INFO] - PMSPipeline - [5/5] Generazione Report Excel Audit-Ready...
2026-07-25 15:23:15,476 - [INFO] - core.excel_generator - Report Excel generato con successo in C:\Users\giorg\OneDrive\Desktop\pms-automation\PMS_Report_MDR_2017_745.xlsx
2026-07-25 15:23:15,476 - [INFO] - PMSPipeline - === PIPELINE COMPLETATA! Report salvato in: PMS_Report_MDR_2017_745.xlsx ===
2026-07-25 15:27:33,560 - [INFO] - PMSPipeline - Configurazione caricata con successo da 'config.json'.
2026-07-25 15:27:33,561 - [INFO] - PMSPipeline - === INIZIO PIPELINE PMS PER: 'Software' ===
2026-07-25 15:27:33,561 - [INFO] - PMSPipeline - [1/5] Interrogazione Ministero della Salute IT...
2026-07-25 15:27:34,510 - [INFO] - httpx - HTTP Request: GET https://www.salute.gov.it/portale/dispositiviMedici/ricercaAvvisiDispositiviMedici.jsp "HTTP/1.1 200 OK"
2026-07-25 15:27:34,519 - [INFO] - PMSPipeline - -> Estratti 0 record da Ministero Salute.
2026-07-25 15:27:34,520 - [INFO] - PMSPipeline - [2/5] Interrogazione openFDA MAUDE API...
2026-07-25 15:27:35,924 - [INFO] - PMSPipeline - -> Estratti 10 record da openFDA.
2026-07-25 15:27:35,925 - [INFO] - PMSPipeline - Totale record grezzi raccolti: 10
2026-07-25 15:27:35,925 - [INFO] - PMSPipeline - [3/5] Avvio deduplicazione SHA-256...
2026-07-25 15:27:35,928 - [INFO] - PMSPipeline - -> Record unici dopo deduplicazione: 0
2026-07-25 15:27:35,928 - [INFO] - PMSPipeline - [4/5] Esecuzione Tagging NLP e verifica Competitors...
2026-07-25 15:27:35,928 - [INFO] - PMSPipeline - [5/5] Generazione Report Excel Audit-Ready...
2026-07-25 15:27:35,976 - [INFO] - core.excel_generator - Report Excel generato con successo in C:\Users\giorg\OneDrive\Desktop\pms-automation\Test_CLI_Output.xlsx
2026-07-25 15:27:35,977 - [INFO] - PMSPipeline - === PIPELINE COMPLETATA! Report salvato in: Test_CLI_Output.xlsx ===
2026-07-25 15:38:15,807 - [INFO] - PMSPipeline - Configurazione caricata con successo da 'config.json'.
2026-07-25 15:38:15,807 - [INFO] - PMSPipeline - === INIZIO PIPELINE PMS PER: 'mammography' ===
2026-07-25 15:38:15,808 - [INFO] - PMSPipeline - [1/5] Interrogazione Ministero della Salute IT...
2026-07-25 15:38:16,787 - [INFO] - httpx - HTTP Request: GET https://www.salute.gov.it/portale/dispositiviMedici/ricercaAvvisiDispositiviMedici.jsp "HTTP/1.1 200 OK"
2026-07-25 15:38:16,794 - [INFO] - PMSPipeline - -> Estratti 0 record da Ministero Salute.
2026-07-25 15:38:16,795 - [INFO] - PMSPipeline - [2/5] Interrogazione openFDA MAUDE API...
2026-07-25 15:38:18,199 - [INFO] - PMSPipeline - -> Estratti 10 record da openFDA.
2026-07-25 15:38:18,199 - [INFO] - PMSPipeline - [3/5] Interrogazione openFDA Device Recalls...
2026-07-25 15:38:20,537 - [INFO] - PMSPipeline - -> Estratti 10 record da FDA Recalls.
2026-07-25 15:38:20,538 - [INFO] - PMSPipeline - [4/5] Interrogazione NIST NVD Cybersecurity (MDCG 2019-16)...
2026-07-25 15:38:21,449 - [INFO] - PMSPipeline - -> Estratti 0 record da NIST NVD.
2026-07-25 15:38:21,449 - [INFO] - PMSPipeline - Totale record grezzi raccolti: 20
2026-07-25 15:38:21,450 - [INFO] - PMSPipeline - Avvio deduplicazione SHA-256...
2026-07-25 15:38:21,452 - [INFO] - PMSPipeline - -> Record unici dopo deduplicazione: 11
2026-07-25 15:38:21,452 - [INFO] - PMSPipeline - Esecuzione Tagging NLP e verifica Competitors...
2026-07-25 15:38:21,455 - [INFO] - PMSPipeline - Generazione Report Excel Audit-Ready...
2026-07-25 15:38:21,528 - [INFO] - core.excel_generator - Report Excel generato con successo in C:\Users\giorg\OneDrive\Desktop\pms-automation\PMS_Report_MDR_2017_745.xlsx
2026-07-25 15:38:21,528 - [INFO] - PMSPipeline - === PIPELINE COMPLETATA! Report salvato in: PMS_Report_MDR_2017_745.xlsx ===
